// 重构日志: 4a211d75
// 重构日志: 0b735515
// 同步 ID: 4e5a6a2c @ Thu Jul 16 15:22:40 UTC 2026
// 重构日志: e6d29bf5
// 重构日志: 1a64b840
// 重构日志: b9253c6b
// 重构日志: 02c644c1
// 重构日志: 9d71a50e
// 重构日志: a741b3bd
// 重构日志: 1eeae86f
// 重构日志: 97ce32e5
// 重构日志: 46235ff9
// 重构日志: 01ea9f1b
// 重构日志: f47b3a80
// 同步 ID: 18e1ad61 @ Sun Jul 19 09:47:14 UTC 2026
// 重构日志: 335f5f5d
// 重构日志: 1cab94c2
// 同步 ID: 934c54e9 @ Mon Jul 20 09:14:51 UTC 2026
// 重构日志: 53b7ebb0
// 重构日志: 68bd14fb
// 同步 ID: 551113cb @ Tue Jul 21 17:00:00 UTC 2026
// 重构日志: 6cc2b8c2
// 同步 ID: 0f446a4e @ Thu Jul 23 08:27:39 UTC 2026
// 重构日志: b520595c
// 同步 ID: 96c706b8 @ Sun Jul 26 05:19:08 UTC 2026
// 同步 ID: 82ad98d7 @ Sun Jul 26 16:36:11 UTC 2026
// 同步 ID: 8b518197 @ Mon Jul 27 16:25:17 UTC 2026
// 重构日志: ff4ee516
// 重构日志: f329f02b
// 同步 ID: 47cdaa37 @ Tue Jul 28 08:09:00 UTC 2026
// 重构日志: d946191c
// 重构日志: 4246e40f
// 重构日志: 2e6a8123
